PS H:\> docker pull postgres
Using default tag: latest
latest: Pulling from library/postgres
c73ab1c6897b: Pull complete
e94aaf8397f8: Pull complete
0853c2cf63f7: Pull complete
487961619c6f: Pull complete
b3fe80b87ac6: Pull complete
4ca9a0468275: Pull complete
b08717267268: Pull complete
46e01a893aae: Pull complete
6a59d7eed20d: Pull complete
92ce89955be9: Pull complete
72d094cdd68b: Pull complete
551b1e46cd6f: Pull complete
a3591a6c2a19: Pull complete
Digest: sha256:6553a6de5d35c4c7626dd98833159494bd21a6a60bbb867ef77578f58b13800c
Status: Downloaded newer image for postgres:latest
PS H:\> docker run -p 5432:5432 --name test-postgres -e POSTGRES_PASSWORD=Xmas2017 -d postgres
9e025258284b09f6a4333cb6688c9ac5aa662d9faeb72c5a38f274f622ba0584

#--- Goto Container
PS H:\> docker exec -it test-postgres bash
root@9e025258284b:/# su postgres
$ psql
psql (10.3 (Debian 10.3-1.pgdg90+1))
Type "help" for help.

postgres=#
\q
exit

#--- check the configuration for remote login
root@9e025258284b:/etc/postgresql# find / -name "postgresql.conf"
/usr/lib/tmpfiles.d/postgresql.conf
/var/lib/postgresql/data/postgresql.conf
...

root@9e025258284b:/etc/postgresql# cd
root@9e025258284b:~# cat /var/lib/postgresql/data/postgresql.conf|grep listen_addresses
listen_addresses = '*'
...
root@9e025258284b:~# find / -name "pg_hba.conf"
/var/lib/postgresql/data/pg_hba.conf
...
root@9e025258284b:~# cat /var/lib/postgresql/data/pg_hba.conf
# PostgreSQL Client Authentication Configuration File
# ===================================================
...
# TYPE  DATABASE        USER            ADDRESS                 METHOD

# "local" is for Unix domain socket connections only
local   all             all                                     trust
# IPv4 local connections:
host    all             all             127.0.0.1/32            trust
# IPv6 local connections:
host    all             all             ::1/128                 trust
# Allow replication connections from localhost, by a user with the
# replication privilege.
local   replication     all                                     trust
host    replication     all             127.0.0.1/32            trust
host    replication     all             ::1/128                 trust

host all all all md5

#-- create user and database for remote login
...
root@9e025258284b:~# su postgres
$ psql
could not change directory to "/root": Permission denied
psql (10.3 (Debian 10.3-1.pgdg90+1))
Type "help" for help.

postgres=# create user testuser with password 'testuser';
CREATE ROLE
postgres=# CREATE DATABASE logandb;
CREATE DATABASE
postgres=# GRANT ALL PRIVILEGES ON DATABASE logandb to testuser;
GRANT
postgres=#
...

#---- remote login test from WSL
logan@MYHOST:/mnt/c/logan/git$ psql -U testuser -hMYHOST -d logandb
Password for user testuser:
psql (9.5.12, server 10.3 (Debian 10.3-1.pgdg90+1))
WARNING: psql major version 9.5, server major version 10.
         Some psql features might not work.
Type "help" for help.

logandb=>